// Jest Snapshot v1, https://goo.gl/fbAQLP

exports[`Probando componente GifGrid debe de renderizar los componentes y hacer match con el snapshot 1`] = `
<Fragment>
  <h3
    className="animate__animated animate__fadeIn"
  >
    Game of Thrones
  </h3>
  <p
    className="animate__animated animate__flash"
  >
    Loading
  </p>
  <div
    className="card-grid"
  />
</Fragment>
`;
